A51 MACRO ASSEMBLER  DA                                                                   12/01/2018 23:27:04 PAGE     1


MACRO ASSEMBLER A51 V8.2.7.0
OBJECT MODULE PLACED IN .\Objects\DA.obj
ASSEMBLER INVOKED BY: D:\Keil_v5\C51\BIN\A51.EXE DA.ASM SET(SMALL) DEBUG PRINT(.\Listings\DA.lst) OBJECT(.\Objects\DA.ob
                      j) EP

LOC  OBJ            LINE     SOURCE

0000                   1                     ORG 0000H
0000 2100              2                     AJMP MAIN
0100                   3                     ORG 0100H
0100 7481              4     MAIN:   MOV A,#81H
0102 909000            5                     MOV DPTR,#9000H
0105 F0                6                     MOVX @DPTR,A 
                       7     
0106 908000            8                     MOV DPTR,#8000H
0109 F0                9                     MOVX @DPTR,A
010A 7F40             10                     MOV R7,#64
010C DFFE             11                     DJNZ R7,$
010E E0               12                     MOVX A,@DPTR
010F F590             13                     MOV P1,A
                      14     
                      15                     END
A51 MACRO ASSEMBLER  DA                                                                   12/01/2018 23:27:04 PAGE     2

SYMBOL TABLE LISTING
------ ----- -------


N A M E             T Y P E  V A L U E   ATTRIBUTES

MAIN . . . . . . .  C ADDR   0100H   A   
P1 . . . . . . . .  D ADDR   0090H   A   


REGISTER BANK(S) USED: 0 


ASSEMBLY COMPLETE.  0 WARNING(S), 0 ERROR(S)
