A51 MACRO ASSEMBLER  INTERRUPT_LIGHT                                                      11/04/2018 11:11:33 PAGE     1


MACRO ASSEMBLER A51 V8.2.7.0
OBJECT MODULE PLACED IN .\Objects\interrupt_light.obj
ASSEMBLER INVOKED BY: D:\Keil_v5\C51\BIN\A51.EXE interrupt_light.asm SET(SMALL) DEBUG PRINT(.\Listings\interrupt_light.l
                      st) OBJECT(.\Objects\interrupt_light.obj) EP

LOC  OBJ            LINE     SOURCE

0000                   1             ORG 0000H
0000 020100            2             LJMP MAIN
0003                   3             ORG 0003H
0003 02010C            4             LJMP INT
0100                   5             ORG 0100H
0100                   6     MAIN:   
0100 D288              7             SETB IT0 
0102 D2A8              8             SETB EX0
0104 D2AF              9             SETB EA
0106 7400             10             MOV A,#00H
0108 F590             11             MOV P1,A
010A 80FE             12             SJMP $
010C                  13     INT:    
010C 04               14             INC A
010D F590             15             MOV P1,A
010F 32               16             RETI
                      17     END
A51 MACRO ASSEMBLER  INTERRUPT_LIGHT                                                      11/04/2018 11:11:33 PAGE     2

SYMBOL TABLE LISTING
------ ----- -------


N A M E             T Y P E  V A L U E   ATTRIBUTES

EA . . . . . . . .  B ADDR   00A8H.7 A   
EX0. . . . . . . .  B ADDR   00A8H.0 A   
INT. . . . . . . .  C ADDR   010CH   A   
IT0. . . . . . . .  B ADDR   0088H.0 A   
MAIN . . . . . . .  C ADDR   0100H   A   
P1 . . . . . . . .  D ADDR   0090H   A   


REGISTER BANK(S) USED: 0 


ASSEMBLY COMPLETE.  0 WARNING(S), 0 ERROR(S)
